[INFO] Scanning for projects...
[INFO] 
[INFO] -----------------< com.mycompany:GarritasVeterinaria >------------------
[INFO] Building GarritasVeterinaria-1.0-SNAPSHOT 1.0-SNAPSHOT
[INFO]   from pom.xml
[INFO] --------------------------------[ war ]---------------------------------
[INFO] 
[INFO] --- enforcer:3.2.1:enforce (enforce-java) @ GarritasVeterinaria ---
Downloading from central: https://repo.maven.apache.org/maven2/org/apache/maven/enforcer/enforcer-api/3.2.1/enforcer-api-3.2.1.pom
Progress (1): 829 B
Progress (1): 2.0 kB
Progress (1): 3.9 kB
                    
Downloaded from central: https://repo.maven.apache.org/maven2/org/apache/maven/enforcer/enforcer-api/3.2.1/enforcer-api-3.2.1.pom (3.9 kB at 2.4 kB/s)
Downloading from central: https://repo.maven.apache.org/maven2/org/apache/maven/enforcer/enforcer-rules/3.2.1/enforcer-rules-3.2.1.pom
Progress (1): 854 B
Progress (1): 2.7 kB
Progress (1): 4.1 kB
                    
Downloaded from central: https://repo.maven.apache.org/maven2/org/apache/maven/enforcer/enforcer-rules/3.2.1/enforcer-rules-3.2.1.pom (4.1 kB at 26 kB/s)
Downloading from central: https://repo.maven.apache.org/maven2/org/apache-extras/beanshell/bsh/2.0b6/bsh-2.0b6.pom
Progress (1): 876 B
Progress (1): 1.8 kB
Progress (1): 4.4 kB
Progress (1): 5.0 kB
                    
Downloaded from central: https://repo.maven.apache.org/maven2/org/apache-extras/beanshell/bsh/2.0b6/bsh-2.0b6.pom (5.0 kB at 42 kB/s)
Downloading from central: https://repo.maven.apache.org/maven2/org/apache/maven/enforcer/enforcer-api/3.2.1/enforcer-api-3.2.1.jar
Progress (1): 0.9/14 kB
Progress (1): 2.3/14 kB
Progress (1): 3.7/14 kB
Progress (1): 5.0/14 kB
Progress (1): 6.4/14 kB
Progress (1): 7.8/14 kB
Progress (1): 9.1/14 kB
Progress (1): 11/14 kB 
Progress (1): 12/14 kB
Progress (1): 13/14 kB
Progress (1): 14 kB   
                   
Downloaded from central: https://repo.maven.apache.org/maven2/org/apache/maven/enforcer/enforcer-api/3.2.1/enforcer-api-3.2.1.jar (14 kB at 102 kB/s)
Downloading from central: https://repo.maven.apache.org/maven2/org/apache/maven/enforcer/enforcer-rules/3.2.1/enforcer-rules-3.2.1.jar
Downloading from central: https://repo.maven.apache.org/maven2/org/apache-extras/beanshell/bsh/2.0b6/bsh-2.0b6.jar
Progress (1): 0.9/144 kB
Progress (1): 2.3/144 kB
Progress (1): 3.6/144 kB
Progress (1): 5.0/144 kB
Progress (1): 6.4/144 kB
Progress (1): 7.7/144 kB
Progress (1): 9.1/144 kB
Progress (1): 10/144 kB 
Progress (1): 12/144 kB
Progress (1): 13/144 kB
Progress (1): 15/144 kB
Progress (1): 16/144 kB
Progress (1): 17/144 kB
Progress (1): 19/144 kB
Progress (1): 20/144 kB
Progress (1): 20/144 kB
Progress (1): 21/144 kB
Progress (1): 23/144 kB
Progress (1): 24/144 kB
Progress (1): 26/144 kB
Progress (1): 27/144 kB
Progress (1): 31/144 kB
Progress (1): 35/144 kB
Progress (1): 40/144 kB
Progress (1): 44/144 kB
Progress (1): 48/144 kB
Progress (1): 52/144 kB
Progress (1): 53/144 kB
Progress (1): 57/144 kB
Progress (1): 61/144 kB
Progress (1): 66/144 kB
Progress (1): 70/144 kB
Progress (1): 74/144 kB
Progress (1): 78/144 kB
Progress (1): 82/144 kB
Progress (1): 86/144 kB
Progress (1): 90/144 kB
Progress (1): 94/144 kB
Progress (1): 98/144 kB
Progress (1): 103/144 kB
Progress (1): 107/144 kB
Progress (1): 111/144 kB
Progress (1): 115/144 kB
Progress (1): 118/144 kB
Progress (1): 123/144 kB
Progress (1): 127/144 kB
Progress (1): 131/144 kB
Progress (1): 135/144 kB
Progress (1): 140/144 kB
Progress (1): 144/144 kB
Progress (1): 144 kB    
                    
Downloaded from central: https://repo.maven.apache.org/maven2/org/apache/maven/enforcer/enforcer-rules/3.2.1/enforcer-rules-3.2.1.jar (144 kB at 370 kB/s)
Progress (1): 1.4/389 kB
Progress (1): 2.7/389 kB
Progress (1): 4.1/389 kB
Progress (1): 5.5/389 kB
Progress (1): 6.8/389 kB
Progress (1): 8.2/389 kB
Progress (1): 9.6/389 kB
Progress (1): 11/389 kB 
Progress (1): 12/389 kB
Progress (1): 14/389 kB
Progress (1): 15/389 kB
Progress (1): 16/389 kB
Progress (1): 18/389 kB
Progress (1): 19/389 kB
Progress (1): 21/389 kB
Progress (1): 22/389 kB
Progress (1): 23/389 kB
Progress (1): 25/389 kB
Progress (1): 26/389 kB
Progress (1): 27/389 kB
Progress (1): 29/389 kB
Progress (1): 30/389 kB
Progress (1): 31/389 kB
Progress (1): 33/389 kB
Progress (1): 34/389 kB
Progress (1): 36/389 kB
Progress (1): 37/389 kB
Progress (1): 38/389 kB
Progress (1): 40/389 kB
Progress (1): 41/389 kB
Progress (1): 42/389 kB
Progress (1): 44/389 kB
Progress (1): 45/389 kB
Progress (1): 46/389 kB
Progress (1): 48/389 kB
Progress (1): 49/389 kB
Progress (1): 51/389 kB
Progress (1): 52/389 kB
Progress (1): 53/389 kB
Progress (1): 55/389 kB
Progress (1): 57/389 kB
Progress (1): 62/389 kB
Progress (1): 66/389 kB
Progress (1): 70/389 kB
Progress (1): 74/389 kB
Progress (1): 78/389 kB
Progress (1): 83/389 kB
Progress (1): 87/389 kB
Progress (1): 90/389 kB
Progress (1): 94/389 kB
Progress (1): 99/389 kB
Progress (1): 103/389 kB
Progress (1): 107/389 kB
Progress (1): 111/389 kB
Progress (1): 115/389 kB
Progress (1): 120/389 kB
Progress (1): 123/389 kB
Progress (1): 127/389 kB
Progress (1): 131/389 kB
Progress (1): 136/389 kB
Progress (1): 140/389 kB
Progress (1): 144/389 kB
Progress (1): 148/389 kB
Progress (1): 152/389 kB
Progress (1): 156/389 kB
Progress (1): 160/389 kB
Progress (1): 164/389 kB
Progress (1): 168/389 kB
Progress (1): 173/389 kB
Progress (1): 177/389 kB
Progress (1): 181/389 kB
Progress (1): 185/389 kB
Progress (1): 188/389 kB
Progress (1): 193/389 kB
Progress (1): 197/389 kB
Progress (1): 201/389 kB
Progress (1): 205/389 kB
Progress (1): 210/389 kB
Progress (1): 214/389 kB
Progress (1): 218/389 kB
Progress (1): 221/389 kB
Progress (1): 238/389 kB
Progress (1): 254/389 kB
Progress (1): 270/389 kB
Progress (1): 287/389 kB
Progress (1): 303/389 kB
Progress (1): 319/389 kB
Progress (1): 336/389 kB
Progress (1): 352/389 kB
Progress (1): 369/389 kB
Progress (1): 385/389 kB
Progress (1): 389 kB    
                    
Downloaded from central: https://repo.maven.apache.org/maven2/org/apache-extras/beanshell/bsh/2.0b6/bsh-2.0b6.jar (389 kB at 425 kB/s)
[INFO] Rule 0: org.apache.maven.enforcer.rules.version.RequireJavaVersion passed
[INFO] 
[INFO] --- resources:3.3.1:resources (default-resources) @ GarritasVeterinaria ---
[INFO] Copying 9 resources from src\main\resources to target\classes
[INFO] 
[INFO] --- compiler:3.11.0:compile (default-compile) @ GarritasVeterinaria ---
[INFO] Nothing to compile - all classes are up to date
[INFO] 
[INFO] --- resources:3.3.1:testResources (default-testResources) @ GarritasVeterinaria ---
[INFO] skip non existing resourceDirectory C:\Users\LUIGGI\Documents\NetBeansProjects\SistemaWeb_Gestion_Ventas_Licoreria_DonPolo-1.0-SNAPSHOT\GarritasVeterinaria\src\test\resources
[INFO] 
[INFO] --- compiler:3.11.0:testCompile (default-testCompile) @ GarritasVeterinaria ---
[INFO] Changes detected - recompiling the module! :source
[INFO] Compiling 2 source files with javac [debug release 21] to target\test-classes
[INFO] 
[INFO] --- surefire:3.0.0-M7:test (default-test) @ GarritasVeterinaria ---
[INFO] Using auto detected provider org.apache.maven.surefire.junitplatform.JUnitPlatformProvider
[INFO] 
[INFO] -------------------------------------------------------
[INFO]  T E S T S
[INFO] -------------------------------------------------------
[INFO] Running com.mycompany.garritasveterinaria.ExampleTest
[INFO] Tests run: 1, Failures: 0, Errors: 0, Skipped: 0, Time elapsed: 0.12 s - in com.mycompany.garritasveterinaria.ExampleTest
[INFO] Running com.mycompany.garritasveterinaria.IntegrationTest
[INFO] Tests run: 1, Failures: 0, Errors: 0, Skipped: 0, Time elapsed: 0.011 s - in com.mycompany.garritasveterinaria.IntegrationTest
[INFO] 
[INFO] Results:
[INFO] 
[INFO] Tests run: 2, Failures: 0, Errors: 0, Skipped: 0
[INFO] 
[INFO] ------------------------------------------------------------------------
[INFO] BUILD SUCCESS
[INFO] ------------------------------------------------------------------------
[INFO] Total time:  18.561 s
[INFO] Finished at: 2025-10-04T21:38:46-05:00
[INFO] ------------------------------------------------------------------------
